// Jest Snapshot v1, https://goo.gl/fbAQLP

exports[`<EditContact /> should render edit contacts page 1`] = `
<div>
  <header
    class="sc-gKAaRy fGWbG"
  >
    <a
      href="/"
    >
      <img
        alt="arrow back"
        src="arrow.svg"
      />
      <span>
        Voltar
      </span>
    </a>
    <h1>
      Editar Contato
    </h1>
  </header>
  <form
    class="sc-eCApnc hurtkR"
    novalidate=""
  >
    <div
      class="sc-gtsrHT jaRrUn"
    >
      <input
        class="sc-dlnjwi eBKfJg"
        placeholder="Nome *"
        value=""
      />
    </div>
    <div
      class="sc-gtsrHT jaRrUn"
    >
      <input
        class="sc-dlnjwi eBKfJg"
        placeholder="E-mail"
        type="email"
        value=""
      />
    </div>
    <div
      class="sc-gtsrHT jaRrUn"
    >
      <input
        class="sc-dlnjwi eBKfJg"
        maxlength="15"
        placeholder="Telefone"
        type="text"
        value=""
      />
    </div>
    <div
      class="sc-gtsrHT jaRrUn"
    >
      <select
        class="sc-hKFxyN bgquXc"
      >
        <option
          value=""
        >
          Categoria
        </option>
        <option
          value="discord"
        >
          Discord
        </option>
        <option
          value="instagram"
        >
          Instagram
        </option>
      </select>
    </div>
    <div
      class="sc-jSFjdj eIgFkL"
    >
      <button
        class="sc-bdnxRM ehnIfz"
        disabled=""
        type="submit"
      >
        Salvar
      </button>
    </div>
  </form>
</div>
`;
